// Jest Snapshot v1, https://goo.gl/fbAQLP

exports[`Pruebas en AddCategory debe cargar el componente correctamente 1`] = `
<form
  onSubmit={[Function]}
>
  <p
    className="hide"
  />
  <input
    name="category"
    onChange={[Function]}
    placeholder="Add category"
    type="text"
    value=""
  />
</form>
`;
